
  .   ____          _            __ _ _
 /\\ / ___'_ __ _ _(_)_ __  __ _ \ \ \ \
( ( )\___ | '_ | '_| | '_ \/ _` | \ \ \ \
 \\/  ___)| |_)| | | | | || (_| |  ) ) ) )
  '  |____| .__|_| |_|_| |_\__, | / / / /
 =========|_|==============|___/=/_/_/_/

 :: Spring Boot ::                (v4.1.1)

2026-09-26T02:48:07.896Z  INFO 44438 --- [outbox-worker] [           main] c.e.outbox.worker.WorkerApplicationKt    : Starting WorkerApplicationKt v0.0.1-SNAPSHOT using Java 25 with PID 44438 (/Users/jeoung-gyu/Workspace/outbox-pattern/app/worker/build/libs/worker-0.0.1-SNAPSHOT.jar started by jeoung-gyu in /Users/jeoung-gyu/Workspace/outbox-pattern)
2026-09-26T02:48:07.898Z  INFO 44438 --- [outbox-worker] [           main] c.e.outbox.worker.WorkerApplicationKt    : No active profile set, falling back to 1 default profile: "default"
2026-09-26T02:48:09.002Z  INFO 44438 --- [outbox-worker] [           main] o.s.boot.tomcat.TomcatWebServer          : Tomcat initialized with port 8081 (http)
2026-09-26T02:48:09.018Z  INFO 44438 --- [outbox-worker] [           main] o.apache.catalina.core.StandardService   : Starting service [Tomcat]
2026-09-26T02:48:09.018Z  INFO 44438 --- [outbox-worker] [           main] o.apache.catalina.core.StandardEngine    : Starting Servlet engine: [Apache Tomcat/11.0.24]
2026-09-26T02:48:09.041Z  INFO 44438 --- [outbox-worker] [           main] b.w.c.s.WebApplicationContextInitializer : Root WebApplicationContext: initialization completed in 1100 ms
2026-09-26T02:48:09.277Z  INFO 44438 --- [outbox-worker] [           main] com.zaxxer.hikari.HikariDataSource       : HikariPool-1 - Starting...
2026-09-26T02:48:09.497Z  INFO 44438 --- [outbox-worker] [           main] com.zaxxer.hikari.pool.HikariPool        : HikariPool-1 - Added connection com.mysql.cj.jdbc.ConnectionImpl@38e7860c
2026-09-26T02:48:09.498Z  INFO 44438 --- [outbox-worker] [           main] com.zaxxer.hikari.HikariDataSource       : HikariPool-1 - Start completed.
2026-09-26T02:48:09.516Z  INFO 44438 --- [outbox-worker] [           main] org.flywaydb.core.FlywayExecutor         : Database: jdbc:mysql://localhost:3306/outbox?connectionTimeZone=UTC&forceConnectionTimeZoneToSession=true (MySQL 8.4)
2026-09-26T02:48:09.609Z  INFO 44438 --- [outbox-worker] [           main] o.f.core.internal.command.DbValidate     : Successfully validated 2 migrations (execution time 00:00.032s)
2026-09-26T02:48:09.629Z  INFO 44438 --- [outbox-worker] [           main] o.f.core.internal.command.DbMigrate      : Current version of schema `outbox`: 2
2026-09-26T02:48:09.632Z  INFO 44438 --- [outbox-worker] [           main] o.f.core.internal.command.DbMigrate      : Schema `outbox` is up to date. No migration necessary.
2026-09-26T02:48:09.726Z  INFO 44438 --- [outbox-worker] [           main] o.t.t.service.OutboxProcessor            : Starting outbox processor with lockOwnerId tc-worker-20260926T024802Z, source outbox-pattern and processing interval 200 ms and producer factory DefaultKafkaProducerFactory{producerProps={enable.idempotence=true, value.serializer=class org.apache.kafka.common.serialization.ByteArraySerializer, request.timeout.ms=3000, max.block.ms=3000, acks=all, bootstrap.servers=localhost:9092, delivery.timeout.ms=10000, key.serializer=class org.apache.kafka.common.serialization.StringSerializer}}
2026-09-26T02:48:09.747Z  INFO 44438 --- [outbox-worker] [           main] o.a.kafka.common.config.AbstractConfig   : ProducerConfig values: 
	acks = -1
	batch.size = 16384
	bootstrap.servers = [localhost:9092]
	buffer.memory = 33554432
	client.dns.lookup = use_all_dns_ips
	client.id = producer-1
	compression.gzip.level = -1
	compression.lz4.level = 9
	compression.type = none
	compression.zstd.level = 3
	config.providers = []
	connections.max.idle.ms = 540000
	delivery.timeout.ms = 10000
	enable.idempotence = true
	enable.metrics.push = true
	interceptor.classes = []
	key.serializer = class org.apache.kafka.common.serialization.StringSerializer
	linger.ms = 5
	max.block.ms = 3000
	max.in.flight.requests.per.connection = 5
	max.request.size = 1048576
	metadata.max.age.ms = 300000
	metadata.max.idle.ms = 300000
	metadata.recovery.rebootstrap.trigger.ms = 300000
	metadata.recovery.strategy = rebootstrap
	metric.reporters = [org.apache.kafka.common.metrics.JmxReporter]
	metrics.num.samples = 2
	metrics.recording.level = INFO
	metrics.sample.window.ms = 30000
	partitioner.adaptive.partitioning.enable = true
	partitioner.availability.timeout.ms = 0
	partitioner.class = null
	partitioner.ignore.keys = false
	receive.buffer.bytes = 32768
	reconnect.backoff.max.ms = 1000
	reconnect.backoff.ms = 50
	request.timeout.ms = 3000
	retries = 2147483647
	retry.backoff.max.ms = 1000
	retry.backoff.ms = 100
	sasl.client.callback.handler.class = null
	sasl.jaas.config = null
	sasl.kerberos.kinit.cmd = /usr/bin/kinit
	sasl.kerberos.min.time.before.relogin = 60000
	sasl.kerberos.service.name = null
	sasl.kerberos.ticket.renew.jitter = 0.05
	sasl.kerberos.ticket.renew.window.factor = 0.8
	sasl.login.callback.handler.class = null
	sasl.login.class = null
	sasl.login.connect.timeout.ms = null
	sasl.login.read.timeout.ms = null
	sasl.login.refresh.buffer.seconds = 300
	sasl.login.refresh.min.period.seconds = 60
	sasl.login.refresh.window.factor = 0.8
	sasl.login.refresh.window.jitter = 0.05
	sasl.login.retry.backoff.max.ms = 10000
	sasl.login.retry.backoff.ms = 100
	sasl.mechanism = GSSAPI
	sasl.oauthbearer.assertion.algorithm = RS256
	sasl.oauthbearer.assertion.claim.aud = null
	sasl.oauthbearer.assertion.claim.exp.seconds = 300
	sasl.oauthbearer.assertion.claim.iss = null
	sasl.oauthbearer.assertion.claim.jti.include = false
	sasl.oauthbearer.assertion.claim.nbf.seconds = 60
	sasl.oauthbearer.assertion.claim.sub = null
	sasl.oauthbearer.assertion.file = null
	sasl.oauthbearer.assertion.private.key.file = null
	sasl.oauthbearer.assertion.private.key.passphrase = null
	sasl.oauthbearer.assertion.template.file = null
	sasl.oauthbearer.client.credentials.client.id = null
	sasl.oauthbearer.client.credentials.client.secret = null
	sasl.oauthbearer.clock.skew.seconds = 30
	sasl.oauthbearer.expected.audience = []
	sasl.oauthbearer.expected.issuer = null
	sasl.oauthbearer.header.urlencode = false
	sasl.oauthbearer.jwks.endpoint.refresh.ms = 3600000
	sasl.oauthbearer.jwks.endpoint.retry.backoff.max.ms = 10000
	sasl.oauthbearer.jwks.endpoint.retry.backoff.ms = 100
	sasl.oauthbearer.jwks.endpoint.url = null
	sasl.oauthbearer.jwt.retriever.class = class org.apache.kafka.common.security.oauthbearer.DefaultJwtRetriever
	sasl.oauthbearer.jwt.validator.class = class org.apache.kafka.common.security.oauthbearer.DefaultJwtValidator
	sasl.oauthbearer.scope = null
	sasl.oauthbearer.scope.claim.name = scope
	sasl.oauthbearer.sub.claim.name = sub
	sasl.oauthbearer.token.endpoint.url = null
	security.protocol = PLAINTEXT
	security.providers = null
	send.buffer.bytes = 131072
	socket.connection.setup.timeout.max.ms = 30000
	socket.connection.setup.timeout.ms = 10000
	ssl.cipher.suites = []
	ssl.enabled.protocols = [TLSv1.2, TLSv1.3]
	ssl.endpoint.identification.algorithm = https
	ssl.engine.factory.class = null
	ssl.key.password = null
	ssl.keymanager.algorithm = SunX509
	ssl.keystore.certificate.chain = null
	ssl.keystore.key = null
	ssl.keystore.location = null
	ssl.keystore.password = null
	ssl.keystore.type = JKS
	ssl.protocol = TLSv1.3
	ssl.provider = null
	ssl.secure.random.implementation = null
	ssl.trustmanager.algorithm = PKIX
	ssl.truststore.certificates = null
	ssl.truststore.location = null
	ssl.truststore.password = null
	ssl.truststore.type = JKS
	transaction.timeout.ms = 60000
	transaction.two.phase.commit.enable = false
	transactional.id = null
	value.serializer = class org.apache.kafka.common.serialization.ByteArraySerializer

2026-09-26T02:48:09.766Z  INFO 44438 --- [outbox-worker] [           main] o.a.k.c.t.i.KafkaMetricsCollector        : initializing Kafka metrics collector
2026-09-26T02:48:09.832Z  INFO 44438 --- [outbox-worker] [           main] o.a.k.clients.producer.KafkaProducer     : [Producer clientId=producer-1] Instantiated an idempotent producer.
2026-09-26T02:48:09.858Z  INFO 44438 --- [outbox-worker] [           main] o.a.kafka.common.utils.AppInfoParser     : Kafka version: 4.2.1
2026-09-26T02:48:09.858Z  INFO 44438 --- [outbox-worker] [           main] o.a.kafka.common.utils.AppInfoParser     : Kafka commitId: 92f61c44867f39dc
2026-09-26T02:48:09.858Z  INFO 44438 --- [outbox-worker] [           main] o.a.kafka.common.utils.AppInfoParser     : Kafka startTimeMs: 1790390889857
2026-09-26T02:48:10.101Z  INFO 44438 --- [outbox-worker] [ad | producer-1] org.apache.kafka.clients.Metadata        : [Producer clientId=producer-1] Cluster ID: 5L6g3nShT-eMCtK--X86sw
2026-09-26T02:48:10.102Z  INFO 44438 --- [outbox-worker] [ad | producer-1] o.a.k.c.p.internals.TransactionManager   : [Producer clientId=producer-1] ProducerId set to 2 with epoch 0
2026-09-26T02:48:10.145Z  INFO 44438 --- [outbox-worker] [           main] o.s.b.a.e.web.EndpointLinksResolver      : Exposing 2 endpoints beneath base path '/actuator'
2026-09-26T02:48:10.188Z  INFO 44438 --- [outbox-worker] [           main] o.s.boot.tomcat.TomcatWebServer          : Tomcat started on port 8081 (http) with context path '/'
2026-09-26T02:48:10.195Z  INFO 44438 --- [outbox-worker] [           main] c.e.outbox.worker.WorkerApplicationKt    : Started WorkerApplicationKt in 2.601 seconds (process running for 2.978)
2026-09-26T02:48:10.261Z  INFO 44438 --- [outbox-worker] [nio-8081-exec-1] o.a.c.c.C.[Tomcat].[localhost].[/]       : Initializing Spring DispatcherServlet 'dispatcherServlet'
2026-09-26T02:48:10.262Z  INFO 44438 --- [outbox-worker] [nio-8081-exec-1] o.s.web.servlet.DispatcherServlet        : Initializing Servlet 'dispatcherServlet'
2026-09-26T02:48:10.262Z  INFO 44438 --- [outbox-worker] [nio-8081-exec-1] o.s.web.servlet.DispatcherServlet        : Completed initialization in 0 ms
2026-09-26T02:48:11.676Z  INFO 44438 --- [outbox-worker] [ad | producer-1] org.apache.kafka.clients.NetworkClient   : [Producer clientId=producer-1] Node -1 disconnected.
2026-09-26T02:48:11.680Z  INFO 44438 --- [outbox-worker] [ad | producer-1] org.apache.kafka.clients.NetworkClient   : [Producer clientId=producer-1] Node 1 disconnected.
2026-09-26T02:48:11.680Z  INFO 44438 --- [outbox-worker] [ad | producer-1] org.apache.kafka.clients.NetworkClient   : [Producer clientId=producer-1] Cancelled in-flight API_VERSIONS request with correlation id 4 due to node 1 being disconnected (elapsed time since creation: 0ms, elapsed time since send: 0ms, throttle time: 0ms, request timeout: 3000ms)
2026-09-26T02:48:11.794Z  INFO 44438 --- [outbox-worker] [ad | producer-1] org.apache.kafka.clients.NetworkClient   : [Producer clientId=producer-1] Node 1 disconnected.
2026-09-26T02:48:11.794Z  INFO 44438 --- [outbox-worker] [ad | producer-1] org.apache.kafka.clients.NetworkClient   : [Producer clientId=producer-1] Cancelled in-flight API_VERSIONS request with correlation id 5 due to node 1 being disconnected (elapsed time since creation: 1ms, elapsed time since send: 1ms, throttle time: 0ms, request timeout: 3000ms)
2026-09-26T02:48:12.026Z  INFO 44438 --- [outbox-worker] [ad | producer-1] org.apache.kafka.clients.NetworkClient   : [Producer clientId=producer-1] Node 1 disconnected.
2026-09-26T02:48:12.026Z  INFO 44438 --- [outbox-worker] [ad | producer-1] org.apache.kafka.clients.NetworkClient   : [Producer clientId=producer-1] Cancelled in-flight API_VERSIONS request with correlation id 6 due to node 1 being disconnected (elapsed time since creation: 1ms, elapsed time since send: 1ms, throttle time: 0ms, request timeout: 3000ms)
2026-09-26T02:48:12.472Z  INFO 44438 --- [outbox-worker] [ad | producer-1] org.apache.kafka.clients.NetworkClient   : [Producer clientId=producer-1] Node 1 disconnected.
2026-09-26T02:48:12.472Z  INFO 44438 --- [outbox-worker] [ad | producer-1] org.apache.kafka.clients.NetworkClient   : [Producer clientId=producer-1] Cancelled in-flight API_VERSIONS request with correlation id 7 due to node 1 being disconnected (elapsed time since creation: 4ms, elapsed time since send: 4ms, throttle time: 0ms, request timeout: 3000ms)
2026-09-26T02:48:12.472Z  INFO 44438 --- [outbox-worker] [ad | producer-1] org.apache.kafka.clients.Metadata        : [Producer clientId=producer-1] Rebootstrapping with [localhost/127.0.0.1:9092]
2026-09-26T02:48:12.474Z  INFO 44438 --- [outbox-worker] [ad | producer-1] org.apache.kafka.clients.NetworkClient   : [Producer clientId=producer-1] Node -1 disconnected.
2026-09-26T02:48:12.474Z  INFO 44438 --- [outbox-worker] [ad | producer-1] org.apache.kafka.clients.NetworkClient   : [Producer clientId=producer-1] Cancelled in-flight API_VERSIONS request with correlation id 8 due to node -1 being disconnected (elapsed time since creation: 1ms, elapsed time since send: 1ms, throttle time: 0ms, request timeout: 3000ms)
2026-09-26T02:48:12.476Z  WARN 44438 --- [outbox-worker] [ad | producer-1] org.apache.kafka.clients.NetworkClient   : [Producer clientId=producer-1] Bootstrap broker localhost:9092 (id: -1 rack: null isFenced: false) disconnected
2026-09-26T02:48:13.396Z  INFO 44438 --- [outbox-worker] [ad | producer-1] org.apache.kafka.clients.NetworkClient   : [Producer clientId=producer-1] Node -1 disconnected.
2026-09-26T02:48:13.398Z  WARN 44438 --- [outbox-worker] [ad | producer-1] org.apache.kafka.clients.NetworkClient   : [Producer clientId=producer-1] Connection to node -1 (localhost/127.0.0.1:9092) could not be established. Node may not be available.
2026-09-26T02:48:13.399Z  WARN 44438 --- [outbox-worker] [ad | producer-1] org.apache.kafka.clients.NetworkClient   : [Producer clientId=producer-1] Bootstrap broker localhost:9092 (id: -1 rack: null isFenced: false) disconnected
2026-09-26T02:48:14.398Z  INFO 44438 --- [outbox-worker] [ad | producer-1] org.apache.kafka.clients.NetworkClient   : [Producer clientId=producer-1] Node -1 disconnected.
2026-09-26T02:48:14.398Z  WARN 44438 --- [outbox-worker] [ad | producer-1] org.apache.kafka.clients.NetworkClient   : [Producer clientId=producer-1] Connection to node -1 (localhost/127.0.0.1:9092) could not be established. Node may not be available.
2026-09-26T02:48:14.398Z  WARN 44438 --- [outbox-worker] [ad | producer-1] org.apache.kafka.clients.NetworkClient   : [Producer clientId=producer-1] Bootstrap broker localhost:9092 (id: -1 rack: null isFenced: false) disconnected
2026-09-26T02:48:15.400Z  INFO 44438 --- [outbox-worker] [ad | producer-1] org.apache.kafka.clients.NetworkClient   : [Producer clientId=producer-1] Node -1 disconnected.
2026-09-26T02:48:15.401Z  WARN 44438 --- [outbox-worker] [ad | producer-1] org.apache.kafka.clients.NetworkClient   : [Producer clientId=producer-1] Connection to node -1 (localhost/127.0.0.1:9092) could not be established. Node may not be available.
2026-09-26T02:48:15.401Z  WARN 44438 --- [outbox-worker] [ad | producer-1] org.apache.kafka.clients.NetworkClient   : [Producer clientId=producer-1] Bootstrap broker localhost:9092 (id: -1 rack: null isFenced: false) disconnected
2026-09-26T02:48:16.405Z  INFO 44438 --- [outbox-worker] [ad | producer-1] org.apache.kafka.clients.NetworkClient   : [Producer clientId=producer-1] Node -1 disconnected.
2026-09-26T02:48:16.406Z  WARN 44438 --- [outbox-worker] [ad | producer-1] org.apache.kafka.clients.NetworkClient   : [Producer clientId=producer-1] Connection to node -1 (localhost/127.0.0.1:9092) could not be established. Node may not be available.
2026-09-26T02:48:16.406Z  WARN 44438 --- [outbox-worker] [ad | producer-1] org.apache.kafka.clients.NetworkClient   : [Producer clientId=producer-1] Bootstrap broker localhost:9092 (id: -1 rack: null isFenced: false) disconnected
2026-09-26T02:48:17.406Z  INFO 44438 --- [outbox-worker] [ad | producer-1] org.apache.kafka.clients.NetworkClient   : [Producer clientId=producer-1] Node -1 disconnected.
2026-09-26T02:48:17.406Z  WARN 44438 --- [outbox-worker] [ad | producer-1] org.apache.kafka.clients.NetworkClient   : [Producer clientId=producer-1] Connection to node -1 (localhost/127.0.0.1:9092) could not be established. Node may not be available.
2026-09-26T02:48:17.406Z  WARN 44438 --- [outbox-worker] [ad | producer-1] org.apache.kafka.clients.NetworkClient   : [Producer clientId=producer-1] Bootstrap broker localhost:9092 (id: -1 rack: null isFenced: false) disconnected
2026-09-26T02:48:18.409Z  INFO 44438 --- [outbox-worker] [ad | producer-1] org.apache.kafka.clients.NetworkClient   : [Producer clientId=producer-1] Node -1 disconnected.
2026-09-26T02:48:18.409Z  WARN 44438 --- [outbox-worker] [ad | producer-1] org.apache.kafka.clients.NetworkClient   : [Producer clientId=producer-1] Connection to node -1 (localhost/127.0.0.1:9092) could not be established. Node may not be available.
2026-09-26T02:48:18.409Z  WARN 44438 --- [outbox-worker] [ad | producer-1] org.apache.kafka.clients.NetworkClient   : [Producer clientId=producer-1] Bootstrap broker localhost:9092 (id: -1 rack: null isFenced: false) disconnected
2026-09-26T02:48:19.412Z  INFO 44438 --- [outbox-worker] [ad | producer-1] org.apache.kafka.clients.NetworkClient   : [Producer clientId=producer-1] Node -1 disconnected.
2026-09-26T02:48:19.413Z  WARN 44438 --- [outbox-worker] [ad | producer-1] org.apache.kafka.clients.NetworkClient   : [Producer clientId=producer-1] Connection to node -1 (localhost/127.0.0.1:9092) could not be established. Node may not be available.
2026-09-26T02:48:19.413Z  WARN 44438 --- [outbox-worker] [ad | producer-1] org.apache.kafka.clients.NetworkClient   : [Producer clientId=producer-1] Bootstrap broker localhost:9092 (id: -1 rack: null isFenced: false) disconnected
2026-09-26T02:48:20.402Z  INFO 44438 --- [outbox-worker] [ad | producer-1] org.apache.kafka.clients.NetworkClient   : [Producer clientId=producer-1] Node -1 disconnected.
2026-09-26T02:48:20.404Z  WARN 44438 --- [outbox-worker] [ad | producer-1] org.apache.kafka.clients.NetworkClient   : [Producer clientId=producer-1] Connection to node -1 (localhost/127.0.0.1:9092) could not be established. Node may not be available.
2026-09-26T02:48:20.405Z  WARN 44438 --- [outbox-worker] [ad | producer-1] org.apache.kafka.clients.NetworkClient   : [Producer clientId=producer-1] Bootstrap broker localhost:9092 (id: -1 rack: null isFenced: false) disconnected
2026-09-26T02:48:20.415Z  INFO 44438 --- [outbox-worker] [ad | producer-1] org.apache.kafka.clients.Metadata        : [Producer clientId=producer-1] Rebootstrapping with [localhost/127.0.0.1:9092]
2026-09-26T02:48:20.467Z  INFO 44438 --- [outbox-worker] [ad | producer-1] org.apache.kafka.clients.Metadata        : [Producer clientId=producer-1] Rebootstrapping with [localhost/127.0.0.1:9092]
2026-09-26T02:48:20.523Z  INFO 44438 --- [outbox-worker] [ad | producer-1] org.apache.kafka.clients.Metadata        : [Producer clientId=producer-1] Rebootstrapping with [localhost/127.0.0.1:9092]
2026-09-26T02:48:20.576Z  INFO 44438 --- [outbox-worker] [ad | producer-1] org.apache.kafka.clients.Metadata        : [Producer clientId=producer-1] Rebootstrapping with [localhost/127.0.0.1:9092]
2026-09-26T02:48:20.632Z  INFO 44438 --- [outbox-worker] [ad | producer-1] org.apache.kafka.clients.Metadata        : [Producer clientId=producer-1] Rebootstrapping with [localhost/127.0.0.1:9092]
2026-09-26T02:48:20.685Z  INFO 44438 --- [outbox-worker] [ad | producer-1] org.apache.kafka.clients.Metadata        : [Producer clientId=producer-1] Rebootstrapping with [localhost/127.0.0.1:9092]
2026-09-26T02:48:20.735Z  INFO 44438 --- [outbox-worker] [ad | producer-1] org.apache.kafka.clients.Metadata        : [Producer clientId=producer-1] Rebootstrapping with [localhost/127.0.0.1:9092]
2026-09-26T02:48:20.786Z  INFO 44438 --- [outbox-worker] [ad | producer-1] org.apache.kafka.clients.Metadata        : [Producer clientId=producer-1] Rebootstrapping with [localhost/127.0.0.1:9092]
2026-09-26T02:48:20.837Z  INFO 44438 --- [outbox-worker] [ad | producer-1] org.apache.kafka.clients.Metadata        : [Producer clientId=producer-1] Rebootstrapping with [localhost/127.0.0.1:9092]
2026-09-26T02:48:20.889Z  INFO 44438 --- [outbox-worker] [ad | producer-1] org.apache.kafka.clients.Metadata        : [Producer clientId=producer-1] Rebootstrapping with [localhost/127.0.0.1:9092]
2026-09-26T02:48:20.941Z  INFO 44438 --- [outbox-worker] [ad | producer-1] org.apache.kafka.clients.Metadata        : [Producer clientId=producer-1] Rebootstrapping with [localhost/127.0.0.1:9092]
2026-09-26T02:48:20.992Z  INFO 44438 --- [outbox-worker] [ad | producer-1] org.apache.kafka.clients.Metadata        : [Producer clientId=producer-1] Rebootstrapping with [localhost/127.0.0.1:9092]
2026-09-26T02:48:21.045Z  INFO 44438 --- [outbox-worker] [ad | producer-1] org.apache.kafka.clients.Metadata        : [Producer clientId=producer-1] Rebootstrapping with [localhost/127.0.0.1:9092]
2026-09-26T02:48:21.098Z  INFO 44438 --- [outbox-worker] [ad | producer-1] org.apache.kafka.clients.Metadata        : [Producer clientId=producer-1] Rebootstrapping with [localhost/127.0.0.1:9092]
2026-09-26T02:48:21.149Z  INFO 44438 --- [outbox-worker] [ad | producer-1] org.apache.kafka.clients.Metadata        : [Producer clientId=producer-1] Rebootstrapping with [localhost/127.0.0.1:9092]
2026-09-26T02:48:21.202Z  INFO 44438 --- [outbox-worker] [ad | producer-1] org.apache.kafka.clients.Metadata        : [Producer clientId=producer-1] Rebootstrapping with [localhost/127.0.0.1:9092]
2026-09-26T02:48:21.260Z  INFO 44438 --- [outbox-worker] [ad | producer-1] org.apache.kafka.clients.Metadata        : [Producer clientId=producer-1] Rebootstrapping with [localhost/127.0.0.1:9092]
2026-09-26T02:48:21.317Z  INFO 44438 --- [outbox-worker] [ad | producer-1] org.apache.kafka.clients.NetworkClient   : [Producer clientId=producer-1] Node -1 disconnected.
2026-09-26T02:48:21.317Z  WARN 44438 --- [outbox-worker] [ad | producer-1] org.apache.kafka.clients.NetworkClient   : [Producer clientId=producer-1] Connection to node -1 (localhost/127.0.0.1:9092) could not be established. Node may not be available.
2026-09-26T02:48:21.317Z  WARN 44438 --- [outbox-worker] [ad | producer-1] org.apache.kafka.clients.NetworkClient   : [Producer clientId=producer-1] Bootstrap broker localhost:9092 (id: -1 rack: null isFenced: false) disconnected
2026-09-26T02:48:22.319Z  INFO 44438 --- [outbox-worker] [ad | producer-1] org.apache.kafka.clients.NetworkClient   : [Producer clientId=producer-1] Node -1 disconnected.
2026-09-26T02:48:22.319Z  WARN 44438 --- [outbox-worker] [ad | producer-1] org.apache.kafka.clients.NetworkClient   : [Producer clientId=producer-1] Connection to node -1 (localhost/127.0.0.1:9092) could not be established. Node may not be available.
2026-09-26T02:48:22.319Z  WARN 44438 --- [outbox-worker] [ad | producer-1] org.apache.kafka.clients.NetworkClient   : [Producer clientId=producer-1] Bootstrap broker localhost:9092 (id: -1 rack: null isFenced: false) disconnected
2026-09-26T02:48:23.322Z  INFO 44438 --- [outbox-worker] [ad | producer-1] org.apache.kafka.clients.NetworkClient   : [Producer clientId=producer-1] Node -1 disconnected.
2026-09-26T02:48:23.322Z  WARN 44438 --- [outbox-worker] [ad | producer-1] org.apache.kafka.clients.NetworkClient   : [Producer clientId=producer-1] Connection to node -1 (localhost/127.0.0.1:9092) could not be established. Node may not be available.
2026-09-26T02:48:23.322Z  WARN 44438 --- [outbox-worker] [ad | producer-1] org.apache.kafka.clients.NetworkClient   : [Producer clientId=producer-1] Bootstrap broker localhost:9092 (id: -1 rack: null isFenced: false) disconnected
2026-09-26T02:48:24.325Z  INFO 44438 --- [outbox-worker] [ad | producer-1] org.apache.kafka.clients.NetworkClient   : [Producer clientId=producer-1] Node -1 disconnected.
2026-09-26T02:48:24.325Z  WARN 44438 --- [outbox-worker] [ad | producer-1] org.apache.kafka.clients.NetworkClient   : [Producer clientId=producer-1] Connection to node -1 (localhost/127.0.0.1:9092) could not be established. Node may not be available.
2026-09-26T02:48:24.325Z  WARN 44438 --- [outbox-worker] [ad | producer-1] org.apache.kafka.clients.NetworkClient   : [Producer clientId=producer-1] Bootstrap broker localhost:9092 (id: -1 rack: null isFenced: false) disconnected
2026-09-26T02:48:25.328Z  INFO 44438 --- [outbox-worker] [ad | producer-1] org.apache.kafka.clients.NetworkClient   : [Producer clientId=producer-1] Node -1 disconnected.
2026-09-26T02:48:25.328Z  WARN 44438 --- [outbox-worker] [ad | producer-1] org.apache.kafka.clients.NetworkClient   : [Producer clientId=producer-1] Connection to node -1 (localhost/127.0.0.1:9092) could not be established. Node may not be available.
2026-09-26T02:48:25.328Z  WARN 44438 --- [outbox-worker] [ad | producer-1] org.apache.kafka.clients.NetworkClient   : [Producer clientId=producer-1] Bootstrap broker localhost:9092 (id: -1 rack: null isFenced: false) disconnected
2026-09-26T02:48:26.303Z  INFO 44438 --- [outbox-worker] [ad | producer-1] org.apache.kafka.clients.Metadata        : [Producer clientId=producer-1] Rebootstrapping with [localhost/127.0.0.1:9092]
2026-09-26T02:48:26.356Z  INFO 44438 --- [outbox-worker] [ad | producer-1] org.apache.kafka.clients.NetworkClient   : [Producer clientId=producer-1] Node -1 disconnected.
2026-09-26T02:48:26.357Z  WARN 44438 --- [outbox-worker] [ad | producer-1] org.apache.kafka.clients.NetworkClient   : [Producer clientId=producer-1] Connection to node -1 (localhost/127.0.0.1:9092) could not be established. Node may not be available.
2026-09-26T02:48:26.357Z  WARN 44438 --- [outbox-worker] [ad | producer-1] org.apache.kafka.clients.NetworkClient   : [Producer clientId=producer-1] Bootstrap broker localhost:9092 (id: -1 rack: null isFenced: false) disconnected
2026-09-26T02:48:27.357Z  INFO 44438 --- [outbox-worker] [ad | producer-1] org.apache.kafka.clients.NetworkClient   : [Producer clientId=producer-1] Node -1 disconnected.
2026-09-26T02:48:27.357Z  WARN 44438 --- [outbox-worker] [ad | producer-1] org.apache.kafka.clients.NetworkClient   : [Producer clientId=producer-1] Connection to node -1 (localhost/127.0.0.1:9092) could not be established. Node may not be available.
2026-09-26T02:48:27.357Z  WARN 44438 --- [outbox-worker] [ad | producer-1] org.apache.kafka.clients.NetworkClient   : [Producer clientId=producer-1] Bootstrap broker localhost:9092 (id: -1 rack: null isFenced: false) disconnected
2026-09-26T02:48:28.364Z  INFO 44438 --- [outbox-worker] [ad | producer-1] org.apache.kafka.clients.NetworkClient   : [Producer clientId=producer-1] Node -1 disconnected.
2026-09-26T02:48:28.364Z  WARN 44438 --- [outbox-worker] [ad | producer-1] org.apache.kafka.clients.NetworkClient   : [Producer clientId=producer-1] Connection to node -1 (localhost/127.0.0.1:9092) could not be established. Node may not be available.
2026-09-26T02:48:28.364Z  WARN 44438 --- [outbox-worker] [ad | producer-1] org.apache.kafka.clients.NetworkClient   : [Producer clientId=producer-1] Bootstrap broker localhost:9092 (id: -1 rack: null isFenced: false) disconnected
2026-09-26T02:48:29.341Z  INFO 44438 --- [outbox-worker] [ad | producer-1] org.apache.kafka.clients.NetworkClient   : [Producer clientId=producer-1] Node -1 disconnected.
2026-09-26T02:48:29.341Z  WARN 44438 --- [outbox-worker] [ad | producer-1] org.apache.kafka.clients.NetworkClient   : [Producer clientId=producer-1] Connection to node -1 (localhost/127.0.0.1:9092) could not be established. Node may not be available.
2026-09-26T02:48:29.341Z  WARN 44438 --- [outbox-worker] [ad | producer-1] org.apache.kafka.clients.NetworkClient   : [Producer clientId=producer-1] Bootstrap broker localhost:9092 (id: -1 rack: null isFenced: false) disconnected
2026-09-26T02:48:29.366Z  INFO 44438 --- [outbox-worker] [ad | producer-1] org.apache.kafka.clients.Metadata        : [Producer clientId=producer-1] Rebootstrapping with [localhost/127.0.0.1:9092]
2026-09-26T02:48:29.419Z  INFO 44438 --- [outbox-worker] [ad | producer-1] org.apache.kafka.clients.Metadata        : [Producer clientId=producer-1] Rebootstrapping with [localhost/127.0.0.1:9092]
2026-09-26T02:48:29.471Z  INFO 44438 --- [outbox-worker] [ad | producer-1] org.apache.kafka.clients.Metadata        : [Producer clientId=producer-1] Rebootstrapping with [localhost/127.0.0.1:9092]
2026-09-26T02:48:29.523Z  INFO 44438 --- [outbox-worker] [ad | producer-1] org.apache.kafka.clients.Metadata        : [Producer clientId=producer-1] Rebootstrapping with [localhost/127.0.0.1:9092]
2026-09-26T02:48:29.576Z  INFO 44438 --- [outbox-worker] [ad | producer-1] org.apache.kafka.clients.Metadata        : [Producer clientId=producer-1] Rebootstrapping with [localhost/127.0.0.1:9092]
2026-09-26T02:48:29.629Z  INFO 44438 --- [outbox-worker] [ad | producer-1] org.apache.kafka.clients.Metadata        : [Producer clientId=producer-1] Rebootstrapping with [localhost/127.0.0.1:9092]
2026-09-26T02:48:29.680Z  INFO 44438 --- [outbox-worker] [ad | producer-1] org.apache.kafka.clients.Metadata        : [Producer clientId=producer-1] Rebootstrapping with [localhost/127.0.0.1:9092]
2026-09-26T02:48:29.733Z  INFO 44438 --- [outbox-worker] [ad | producer-1] org.apache.kafka.clients.Metadata        : [Producer clientId=producer-1] Rebootstrapping with [localhost/127.0.0.1:9092]
2026-09-26T02:48:29.789Z  INFO 44438 --- [outbox-worker] [ad | producer-1] org.apache.kafka.clients.Metadata        : [Producer clientId=producer-1] Rebootstrapping with [localhost/127.0.0.1:9092]
2026-09-26T02:48:29.842Z  INFO 44438 --- [outbox-worker] [ad | producer-1] org.apache.kafka.clients.Metadata        : [Producer clientId=producer-1] Rebootstrapping with [localhost/127.0.0.1:9092]
2026-09-26T02:48:29.895Z  INFO 44438 --- [outbox-worker] [ad | producer-1] org.apache.kafka.clients.Metadata        : [Producer clientId=producer-1] Rebootstrapping with [localhost/127.0.0.1:9092]
2026-09-26T02:48:29.946Z  INFO 44438 --- [outbox-worker] [ad | producer-1] org.apache.kafka.clients.Metadata        : [Producer clientId=producer-1] Rebootstrapping with [localhost/127.0.0.1:9092]
2026-09-26T02:48:29.948Z  INFO 44438 --- [outbox-worker] [pool-2-thread-1] o.t.t.service.OutboxProcessor            : tc-worker-20260926T024802Z acquired outbox lock, starting to process outbox
2026-09-26T02:48:29.962Z  INFO 44438 --- [outbox-worker] [ad | producer-1] org.apache.kafka.clients.Metadata        : [Producer clientId=producer-1] Rebootstrapping with [localhost/127.0.0.1:9092]
2026-09-26T02:48:30.013Z  INFO 44438 --- [outbox-worker] [ad | producer-1] org.apache.kafka.clients.Metadata        : [Producer clientId=producer-1] Rebootstrapping with [localhost/127.0.0.1:9092]
2026-09-26T02:48:30.065Z  INFO 44438 --- [outbox-worker] [ad | producer-1] org.apache.kafka.clients.Metadata        : [Producer clientId=producer-1] Rebootstrapping with [localhost/127.0.0.1:9092]
2026-09-26T02:48:30.116Z  INFO 44438 --- [outbox-worker] [ad | producer-1] org.apache.kafka.clients.Metadata        : [Producer clientId=producer-1] Rebootstrapping with [localhost/127.0.0.1:9092]
2026-09-26T02:48:30.168Z  INFO 44438 --- [outbox-worker] [ad | producer-1] org.apache.kafka.clients.Metadata        : [Producer clientId=producer-1] Rebootstrapping with [localhost/127.0.0.1:9092]
2026-09-26T02:48:30.219Z  INFO 44438 --- [outbox-worker] [ad | producer-1] org.apache.kafka.clients.Metadata        : [Producer clientId=producer-1] Rebootstrapping with [localhost/127.0.0.1:9092]
2026-09-26T02:48:30.272Z  INFO 44438 --- [outbox-worker] [ad | producer-1] org.apache.kafka.clients.NetworkClient   : [Producer clientId=producer-1] Node -1 disconnected.
2026-09-26T02:48:30.272Z  WARN 44438 --- [outbox-worker] [ad | producer-1] org.apache.kafka.clients.NetworkClient   : [Producer clientId=producer-1] Connection to node -1 (localhost/127.0.0.1:9092) could not be established. Node may not be available.
2026-09-26T02:48:30.272Z  WARN 44438 --- [outbox-worker] [ad | producer-1] org.apache.kafka.clients.NetworkClient   : [Producer clientId=producer-1] Bootstrap broker localhost:9092 (id: -1 rack: null isFenced: false) disconnected
2026-09-26T02:48:31.275Z  INFO 44438 --- [outbox-worker] [ad | producer-1] org.apache.kafka.clients.NetworkClient   : [Producer clientId=producer-1] Node -1 disconnected.
2026-09-26T02:48:31.275Z  INFO 44438 --- [outbox-worker] [ad | producer-1] org.apache.kafka.clients.NetworkClient   : [Producer clientId=producer-1] Cancelled in-flight API_VERSIONS request with correlation id 9 due to node -1 being disconnected (elapsed time since creation: 2ms, elapsed time since send: 2ms, throttle time: 0ms, request timeout: 3000ms)
2026-09-26T02:48:31.275Z  WARN 44438 --- [outbox-worker] [ad | producer-1] org.apache.kafka.clients.NetworkClient   : [Producer clientId=producer-1] Bootstrap broker localhost:9092 (id: -1 rack: null isFenced: false) disconnected
2026-09-26T02:48:32.281Z  INFO 44438 --- [outbox-worker] [ad | producer-1] org.apache.kafka.clients.NetworkClient   : [Producer clientId=producer-1] Node -1 disconnected.
2026-09-26T02:48:32.281Z  INFO 44438 --- [outbox-worker] [ad | producer-1] org.apache.kafka.clients.NetworkClient   : [Producer clientId=producer-1] Cancelled in-flight API_VERSIONS request with correlation id 10 due to node -1 being disconnected (elapsed time since creation: 1ms, elapsed time since send: 1ms, throttle time: 0ms, request timeout: 3000ms)
2026-09-26T02:48:32.281Z  WARN 44438 --- [outbox-worker] [ad | producer-1] org.apache.kafka.clients.NetworkClient   : [Producer clientId=producer-1] Bootstrap broker localhost:9092 (id: -1 rack: null isFenced: false) disconnected
2026-09-26T02:48:32.963Z  WARN 44438 --- [outbox-worker] [pool-2-thread-1] o.t.t.service.OutboxProcessor            : Failed to publish OutboxRecord(id=2, created=2026-09-26 02:48:12.578, processed=null, topic=outbox.tc.20260926t024802z, key=2749ad15-9315-47df-9e24-7afd60fd5d6a, headers={event-type=OrderCreated, content-type=application/json})

org.apache.kafka.common.errors.TimeoutException: Topic outbox.tc.20260926t024802z not present in metadata after 3000 ms.

2026-09-26T02:48:32.968Z  WARN 44438 --- [outbox-worker] [pool-2-thread-1] o.t.t.service.OutboxProcessor            : Recreating producer, due to failure while processing outbox.

java.lang.RuntimeException: java.util.concurrent.ExecutionException: org.apache.kafka.common.errors.TimeoutException: Topic outbox.tc.20260926t024802z not present in metadata after 3000 ms.
	at one.tomorrow.transactionaloutbox.service.OutboxProcessor.await(OutboxProcessor.java:262) ~[outbox-kafka-spring-4.0.1-SNAPSHOT.jar!/:na]
	at java.base/java.lang.Iterable.forEach(Iterable.java:75) ~[na:na]
	at one.tomorrow.transactionaloutbox.service.OutboxProcessor.processOutbox(OutboxProcessor.java:237) ~[outbox-kafka-spring-4.0.1-SNAPSHOT.jar!/:na]
	at one.tomorrow.transactionaloutbox.service.OutboxProcessor.lambda$tryProcessOutbox$0(OutboxProcessor.java:219) ~[outbox-kafka-spring-4.0.1-SNAPSHOT.jar!/:na]
	at one.tomorrow.transactionaloutbox.service.OutboxLockService.runWithLock(OutboxLockService.java:44) ~[outbox-kafka-spring-4.0.1-SNAPSHOT.jar!/:na]
	at java.base/jdk.internal.reflect.DirectMethodHandleAccessor.invoke(DirectMethodHandleAccessor.java:104) ~[na:na]
	at java.base/java.lang.reflect.Method.invoke(Method.java:565) ~[na:na]
	at org.springframework.aop.support.AopUtils.invokeJoinpointUsingReflection(AopUtils.java:359) ~[spring-aop-7.0.9.jar!/:7.0.9]
	at org.springframework.aop.framework.ReflectiveMethodInvocation.invokeJoinpoint(ReflectiveMethodInvocation.java:190) ~[spring-aop-7.0.9.jar!/:7.0.9]
	at org.springframework.aop.framework.ReflectiveMethodInvocation.proceed(ReflectiveMethodInvocation.java:158) ~[spring-aop-7.0.9.jar!/:7.0.9]
	at org.springframework.transaction.interceptor.TransactionInterceptor$1.proceedWithInvocation(TransactionInterceptor.java:133) ~[spring-tx-7.0.9.jar!/:7.0.9]
	at org.springframework.transaction.interceptor.TransactionAspectSupport.invokeWithinTransaction(TransactionAspectSupport.java:371) ~[spring-tx-7.0.9.jar!/:7.0.9]
	at org.springframework.transaction.interceptor.TransactionInterceptor.invoke(TransactionInterceptor.java:130) ~[spring-tx-7.0.9.jar!/:7.0.9]
	at org.springframework.aop.framework.ReflectiveMethodInvocation.proceed(ReflectiveMethodInvocation.java:179) ~[spring-aop-7.0.9.jar!/:7.0.9]
	at org.springframework.aop.framework.CglibAopProxy$DynamicAdvisedInterceptor.intercept(CglibAopProxy.java:719) ~[spring-aop-7.0.9.jar!/:7.0.9]
	at one.tomorrow.transactionaloutbox.service.OutboxLockService$$SpringCGLIB$$0.runWithLock(<generated>) ~[outbox-kafka-spring-4.0.1-SNAPSHOT.jar!/:na]
	at one.tomorrow.transactionaloutbox.service.OutboxProcessor.tryProcessOutbox(OutboxProcessor.java:217) ~[outbox-kafka-spring-4.0.1-SNAPSHOT.jar!/:na]
	at one.tomorrow.transactionaloutbox.service.OutboxProcessor.processOutboxWithLock(OutboxProcessor.java:203) ~[outbox-kafka-spring-4.0.1-SNAPSHOT.jar!/:na]
	at one.tomorrow.transactionaloutbox.service.OutboxProcessor.tryLockAcquisition(OutboxProcessor.java:184) ~[outbox-kafka-spring-4.0.1-SNAPSHOT.jar!/:na]
	at java.base/java.util.concurrent.Executors$RunnableAdapter.call(Executors.java:545) ~[na:na]
	at java.base/java.util.concurrent.FutureTask.run(FutureTask.java:328) ~[na:na]
	at java.base/java.util.concurrent.ScheduledThreadPoolExecutor$ScheduledFutureTask.run(ScheduledThreadPoolExecutor.java:309) ~[na:na]
	at java.base/java.util.concurrent.ThreadPoolExecutor.runWorker(ThreadPoolExecutor.java:1090) ~[na:na]
	at java.base/java.util.concurrent.ThreadPoolExecutor$Worker.run(ThreadPoolExecutor.java:614) ~[na:na]
	at java.base/java.lang.Thread.run(Thread.java:1474) ~[na:na]
Caused by: java.util.concurrent.ExecutionException: org.apache.kafka.common.errors.TimeoutException: Topic outbox.tc.20260926t024802z not present in metadata after 3000 ms.
	at org.apache.kafka.clients.producer.KafkaProducer$FutureFailure.<init>(KafkaProducer.java:1532) ~[kafka-clients-4.2.1.jar!/:na]
	at org.apache.kafka.clients.producer.KafkaProducer.doSend(KafkaProducer.java:1068) ~[kafka-clients-4.2.1.jar!/:na]
	at org.apache.kafka.clients.producer.KafkaProducer.send(KafkaProducer.java:951) ~[kafka-clients-4.2.1.jar!/:na]
	at one.tomorrow.transactionaloutbox.service.OutboxProcessor.process(OutboxProcessor.java:252) ~[outbox-kafka-spring-4.0.1-SNAPSHOT.jar!/:na]
	at java.base/java.util.stream.ReferencePipeline$3$1.accept(ReferencePipeline.java:214) ~[na:na]
	at java.base/java.util.ArrayList$ArrayListSpliterator.forEachRemaining(ArrayList.java:1716) ~[na:na]
	at java.base/java.util.stream.AbstractPipeline.copyInto(AbstractPipeline.java:570) ~[na:na]
	at java.base/java.util.stream.AbstractPipeline.wrapAndCopyInto(AbstractPipeline.java:560) ~[na:na]
	at java.base/java.util.stream.AbstractPipeline.evaluate(AbstractPipeline.java:635) ~[na:na]
	at java.base/java.util.stream.AbstractPipeline.evaluateToArrayNode(AbstractPipeline.java:291) ~[na:na]
	at java.base/java.util.stream.ReferencePipeline.toArray(ReferencePipeline.java:652) ~[na:na]
	at java.base/java.util.stream.ReferencePipeline.toArray(ReferencePipeline.java:658) ~[na:na]
	at java.base/java.util.stream.ReferencePipeline.toList(ReferencePipeline.java:663) ~[na:na]
	at one.tomorrow.transactionaloutbox.service.OutboxProcessor.processOutbox(OutboxProcessor.java:236) ~[outbox-kafka-spring-4.0.1-SNAPSHOT.jar!/:na]
	... 22 common frames omitted
Caused by: org.apache.kafka.common.errors.TimeoutException: Topic outbox.tc.20260926t024802z not present in metadata after 3000 ms.

2026-09-26T02:48:32.970Z  INFO 44438 --- [outbox-worker] [pool-2-thread-1] o.a.k.clients.producer.KafkaProducer     : [Producer clientId=producer-1] Closing the Kafka producer with timeoutMillis = 9223372036854775807 ms.
2026-09-26T02:48:32.976Z  INFO 44438 --- [outbox-worker] [pool-2-thread-1] o.apache.kafka.common.metrics.Metrics    : Metrics scheduler closed
2026-09-26T02:48:32.976Z  INFO 44438 --- [outbox-worker] [pool-2-thread-1] o.apache.kafka.common.metrics.Metrics    : Closing reporter org.apache.kafka.common.metrics.JmxReporter
2026-09-26T02:48:32.977Z  INFO 44438 --- [outbox-worker] [pool-2-thread-1] o.apache.kafka.common.metrics.Metrics    : Closing reporter org.apache.kafka.common.telemetry.internals.ClientTelemetryReporter
2026-09-26T02:48:32.977Z  INFO 44438 --- [outbox-worker] [pool-2-thread-1] o.apache.kafka.common.metrics.Metrics    : Metrics reporters closed
2026-09-26T02:48:32.978Z  INFO 44438 --- [outbox-worker] [pool-2-thread-1] o.a.kafka.common.utils.AppInfoParser     : App info kafka.producer for producer-1 unregistered
2026-09-26T02:48:32.979Z  INFO 44438 --- [outbox-worker] [pool-2-thread-1] o.a.kafka.common.config.AbstractConfig   : ProducerConfig values: 
	acks = -1
	batch.size = 16384
	bootstrap.servers = [localhost:9092]
	buffer.memory = 33554432
	client.dns.lookup = use_all_dns_ips
	client.id = producer-2
	compression.gzip.level = -1
	compression.lz4.level = 9
	compression.type = none
	compression.zstd.level = 3
	config.providers = []
	connections.max.idle.ms = 540000
	delivery.timeout.ms = 10000
	enable.idempotence = true
	enable.metrics.push = true
	interceptor.classes = []
	key.serializer = class org.apache.kafka.common.serialization.StringSerializer
	linger.ms = 5
	max.block.ms = 3000
	max.in.flight.requests.per.connection = 5
	max.request.size = 1048576
	metadata.max.age.ms = 300000
	metadata.max.idle.ms = 300000
	metadata.recovery.rebootstrap.trigger.ms = 300000
	metadata.recovery.strategy = rebootstrap
	metric.reporters = [org.apache.kafka.common.metrics.JmxReporter]
	metrics.num.samples = 2
	metrics.recording.level = INFO
	metrics.sample.window.ms = 30000
	partitioner.adaptive.partitioning.enable = true
	partitioner.availability.timeout.ms = 0
	partitioner.class = null
	partitioner.ignore.keys = false
	receive.buffer.bytes = 32768
	reconnect.backoff.max.ms = 1000
	reconnect.backoff.ms = 50
	request.timeout.ms = 3000
	retries = 2147483647
	retry.backoff.max.ms = 1000
	retry.backoff.ms = 100
	sasl.client.callback.handler.class = null
	sasl.jaas.config = null
	sasl.kerberos.kinit.cmd = /usr/bin/kinit
	sasl.kerberos.min.time.before.relogin = 60000
	sasl.kerberos.service.name = null
	sasl.kerberos.ticket.renew.jitter = 0.05
	sasl.kerberos.ticket.renew.window.factor = 0.8
	sasl.login.callback.handler.class = null
	sasl.login.class = null
	sasl.login.connect.timeout.ms = null
	sasl.login.read.timeout.ms = null
	sasl.login.refresh.buffer.seconds = 300
	sasl.login.refresh.min.period.seconds = 60
	sasl.login.refresh.window.factor = 0.8
	sasl.login.refresh.window.jitter = 0.05
	sasl.login.retry.backoff.max.ms = 10000
	sasl.login.retry.backoff.ms = 100
	sasl.mechanism = GSSAPI
	sasl.oauthbearer.assertion.algorithm = RS256
	sasl.oauthbearer.assertion.claim.aud = null
	sasl.oauthbearer.assertion.claim.exp.seconds = 300
	sasl.oauthbearer.assertion.claim.iss = null
	sasl.oauthbearer.assertion.claim.jti.include = false
	sasl.oauthbearer.assertion.claim.nbf.seconds = 60
	sasl.oauthbearer.assertion.claim.sub = null
	sasl.oauthbearer.assertion.file = null
	sasl.oauthbearer.assertion.private.key.file = null
	sasl.oauthbearer.assertion.private.key.passphrase = null
	sasl.oauthbearer.assertion.template.file = null
	sasl.oauthbearer.client.credentials.client.id = null
	sasl.oauthbearer.client.credentials.client.secret = null
	sasl.oauthbearer.clock.skew.seconds = 30
	sasl.oauthbearer.expected.audience = []
	sasl.oauthbearer.expected.issuer = null
	sasl.oauthbearer.header.urlencode = false
	sasl.oauthbearer.jwks.endpoint.refresh.ms = 3600000
	sasl.oauthbearer.jwks.endpoint.retry.backoff.max.ms = 10000
	sasl.oauthbearer.jwks.endpoint.retry.backoff.ms = 100
	sasl.oauthbearer.jwks.endpoint.url = null
	sasl.oauthbearer.jwt.retriever.class = class org.apache.kafka.common.security.oauthbearer.DefaultJwtRetriever
	sasl.oauthbearer.jwt.validator.class = class org.apache.kafka.common.security.oauthbearer.DefaultJwtValidator
	sasl.oauthbearer.scope = null
	sasl.oauthbearer.scope.claim.name = scope
	sasl.oauthbearer.sub.claim.name = sub
	sasl.oauthbearer.token.endpoint.url = null
	security.protocol = PLAINTEXT
	security.providers = null
	send.buffer.bytes = 131072
	socket.connection.setup.timeout.max.ms = 30000
	socket.connection.setup.timeout.ms = 10000
	ssl.cipher.suites = []
	ssl.enabled.protocols = [TLSv1.2, TLSv1.3]
	ssl.endpoint.identification.algorithm = https
	ssl.engine.factory.class = null
	ssl.key.password = null
	ssl.keymanager.algorithm = SunX509
	ssl.keystore.certificate.chain = null
	ssl.keystore.key = null
	ssl.keystore.location = null
	ssl.keystore.password = null
	ssl.keystore.type = JKS
	ssl.protocol = TLSv1.3
	ssl.provider = null
	ssl.secure.random.implementation = null
	ssl.trustmanager.algorithm = PKIX
	ssl.truststore.certificates = null
	ssl.truststore.location = null
	ssl.truststore.password = null
	ssl.truststore.type = JKS
	transaction.timeout.ms = 60000
	transaction.two.phase.commit.enable = false
	transactional.id = null
	value.serializer = class org.apache.kafka.common.serialization.ByteArraySerializer

2026-09-26T02:48:32.979Z  INFO 44438 --- [outbox-worker] [pool-2-thread-1] o.a.k.c.t.i.KafkaMetricsCollector        : initializing Kafka metrics collector
2026-09-26T02:48:32.979Z  INFO 44438 --- [outbox-worker] [pool-2-thread-1] o.a.k.clients.producer.KafkaProducer     : [Producer clientId=producer-2] Instantiated an idempotent producer.
2026-09-26T02:48:32.983Z  INFO 44438 --- [outbox-worker] [pool-2-thread-1] o.a.kafka.common.utils.AppInfoParser     : Kafka version: 4.2.1
2026-09-26T02:48:32.983Z  INFO 44438 --- [outbox-worker] [pool-2-thread-1] o.a.kafka.common.utils.AppInfoParser     : Kafka commitId: 92f61c44867f39dc
2026-09-26T02:48:32.983Z  INFO 44438 --- [outbox-worker] [pool-2-thread-1] o.a.kafka.common.utils.AppInfoParser     : Kafka startTimeMs: 1790390912983
2026-09-26T02:48:32.999Z  INFO 44438 --- [outbox-worker] [ad | producer-2] org.apache.kafka.clients.Metadata        : [Producer clientId=producer-2] Cluster ID: 5L6g3nShT-eMCtK--X86sw
2026-09-26T02:48:33.111Z  INFO 44438 --- [outbox-worker] [ad | producer-2] o.a.k.c.p.internals.TransactionManager   : [Producer clientId=producer-2] ProducerId set to 1000 with epoch 0
2026-09-26T02:48:33.243Z  INFO 44438 --- [outbox-worker] [ad | producer-2] o.t.t.service.OutboxProcessor            : Sent record to kafka: OutboxRecord(id=2, created=2026-09-26 02:48:12.578, processed=null, topic=outbox.tc.20260926t024802z, key=2749ad15-9315-47df-9e24-7afd60fd5d6a, headers={event-type=OrderCreated, content-type=application/json})
2026-09-26T02:48:37.446Z  INFO 44438 --- [outbox-worker] [ad | producer-2] o.t.t.service.OutboxProcessor            : Sent record to kafka: OutboxRecord(id=3, created=2026-09-26 02:48:37.417, processed=null, topic=outbox.tc.20260926t024802z, key=4056b97a-467e-472c-a8db-5fe1a3aa9a6b, headers={event-type=OrderCreated, content-type=application/json})
2026-09-26T02:48:43.173Z  INFO 44438 --- [outbox-worker] [ionShutdownHook] o.s.boot.tomcat.GracefulShutdown         : Commencing graceful shutdown. Waiting for active requests to complete
2026-09-26T02:48:45.187Z  INFO 44438 --- [outbox-worker] [tomcat-shutdown] o.s.boot.tomcat.GracefulShutdown         : Graceful shutdown complete
2026-09-26T02:48:45.192Z  INFO 44438 --- [outbox-worker] [ionShutdownHook] o.t.t.service.OutboxProcessor            : Stopping OutboxProcessor with lockOwnerId tc-worker-20260926T024802Z.
2026-09-26T02:48:45.193Z  INFO 44438 --- [outbox-worker] [ionShutdownHook] o.a.k.clients.producer.KafkaProducer     : [Producer clientId=producer-2] Closing the Kafka producer with timeoutMillis = 9223372036854775807 ms.
2026-09-26T02:48:45.195Z  INFO 44438 --- [outbox-worker] [ionShutdownHook] o.apache.kafka.common.metrics.Metrics    : Metrics scheduler closed
2026-09-26T02:48:45.195Z  INFO 44438 --- [outbox-worker] [ionShutdownHook] o.apache.kafka.common.metrics.Metrics    : Closing reporter org.apache.kafka.common.metrics.JmxReporter
2026-09-26T02:48:45.195Z  INFO 44438 --- [outbox-worker] [ionShutdownHook] o.apache.kafka.common.metrics.Metrics    : Closing reporter org.apache.kafka.common.telemetry.internals.ClientTelemetryReporter
2026-09-26T02:48:45.195Z  INFO 44438 --- [outbox-worker] [ionShutdownHook] o.apache.kafka.common.metrics.Metrics    : Metrics reporters closed
2026-09-26T02:48:45.195Z  INFO 44438 --- [outbox-worker] [ionShutdownHook] o.a.kafka.common.utils.AppInfoParser     : App info kafka.producer for producer-2 unregistered
2026-09-26T02:48:45.201Z  INFO 44438 --- [outbox-worker] [ionShutdownHook] com.zaxxer.hikari.HikariDataSource       : HikariPool-1 - Shutdown initiated...
2026-09-26T02:48:45.204Z  INFO 44438 --- [outbox-worker] [ionShutdownHook] com.zaxxer.hikari.HikariDataSource       : HikariPool-1 - Shutdown completed.
